[www.pythonanywhere.com/login/index3692.html]
[backblue.gif]
[fade.gif]
[index.html]
[www.pythonanywhere.com/static/CACHE/css/output.93590726e867.css]
[www.pythonanywhere.com/static/CACHE/css/output.c184c0fc7128.css]
[www.pythonanywhere.com/static/CACHE/js/output.afad2ae6938c.js]
[www.pythonanywhere.com/static/anywhere/images/spinner-small.gif]
[www.pythonanywhere.com/login/index3692.html]
[www.pythonanywhere.com/static/jquery/images/ui-icons_444444_256x2406180.png]
[www.pythonanywhere.com/static/CACHE/js/output.c4053cb59f99.js]
[www.pythonanywhere.com/static/jquery/images/ui-icons_777777_256x2406180.png]
[www.pythonanywhere.com/static/jquery/images/ui-icons_555555_256x2406180.png]
[www.pythonanywhere.com/static/jquery/images/ui-icons_ffffff_256x2406180.png]
[www.pythonanywhere.com/static/jquery/images/ui-icons_777620_256x2406180.png]
[www.pythonanywhere.com/static/jquery/images/ui-icons_cc0000_256x2406180.png]
[www.pythonanywhere.com/static/CACHE/css/output.93590726e867.css]
[www.pythonanywhere.com/static/CACHE/css/output.c184c0fc7128.css]
[www.pythonanywhere.com/static/CACHE/css/output.5fe8ed73dcd2.css]
[www.google-analytics.com/analytics.js]
